[dotenv@17.2.3] injecting env (6) from .env -- tip: ≡ƒöä add secrets lifecycle management: https://dotenvx.com/ops
Attempting to connect to MongoDB...
URI: Defined
node : Error: Could 
not connect to any 
servers in your 
MongoDB Atlas 
cluster. One common 
reason is that 
you're trying to 
access the database 
from an IP that 
isn't whitelisted. 
Make sure your 
current IP address 
is on your Atlas 
cluster's IP 
whitelist: https://w
ww.mongodb.com/docs/
atlas/security-white
list/
At line:1 char:1
+ node scripts/test_
db_connection.js > 
test_output.txt 2>&1
+ ~~~~~~~~~~~~~~~~~~
~~~~~~~~~~~~~~~~~~~~
~~~~~~~~~~~~~~~~~~~
    + CategoryInfo  
            : NotS  
  pecified: (Erro   
 r: Could no...r    
ity-whitelist/:    
String) [], Rem    
oteException
    + FullyQualifie 
   dErrorId : Nati  
  veCommandError
 
Full Error: Mongoose
ServerSelectionError
: Could not connect 
to any servers in 
your MongoDB Atlas 
cluster. One common 
reason is that 
you're trying to 
access the database 
from an IP that 
isn't whitelisted. 
Make sure your 
current IP address 
is on your Atlas 
cluster's IP 
whitelist: https://w
ww.mongodb.com/docs/
atlas/security-white
list/
    at _handleConnec
tionErrors (D:\backu
p-28\backend\node_mo
dules\mongoose\lib\c
onnection.js:1169:11
)
    at NativeConnect
ion.openUri (D:\back
up-28\backend\node_m
odules\mongoose\lib\
connection.js:1100:1
1)
    at async 
connectDB (D:\backup
-28\backend\scripts\
test_db_connection.j
s:9:22) {
  errorLabelSet: 
Set(0) {},
  reason: 
TopologyDescription 
{
    type: 'ReplicaSe
tNoPrimary',
    servers: Map(3) 
{
      'ac-bkwclft-sh
ard-00-02.chdzvdb.mo
ngodb.net:27017' => 
[ServerDescription],
      'ac-bkwclft-sh
ard-00-00.chdzvdb.mo
ngodb.net:27017' => 
[ServerDescription],
      'ac-bkwclft-sh
ard-00-01.chdzvdb.mo
ngodb.net:27017' => 
[ServerDescription]
    },
    stale: false,
    compatible: 
true,
    heartbeatFrequen
cyMS: 10000,
    
localThresholdMS: 
15,
    setName: 'atlas-
bg4kn3-shard-0',
    maxElectionId: 
null,
    maxSetVersion: 
null,
    
commonWireVersion: 
0,
    logicalSessionTi
meoutMinutes: null
  },
  code: undefined,
  cause: 
TopologyDescription 
{
    type: 'ReplicaSe
tNoPrimary',
    servers: Map(3) 
{
      'ac-bkwclft-sh
ard-00-02.chdzvdb.mo
ngodb.net:27017' => 
[ServerDescription],
      'ac-bkwclft-sh
ard-00-00.chdzvdb.mo
ngodb.net:27017' => 
[ServerDescription],
      'ac-bkwclft-sh
ard-00-01.chdzvdb.mo
ngodb.net:27017' => 
[ServerDescription]
    },
    stale: false,
    compatible: 
true,
    heartbeatFrequen
cyMS: 10000,
    
localThresholdMS: 
15,
    setName: 'atlas-
bg4kn3-shard-0',
    maxElectionId: 
null,
    maxSetVersion: 
null,
    
commonWireVersion: 
0,
    logicalSessionTi
meoutMinutes: null
  }
}
